\BOOKMARK [1][-]{Doc-Start}{\376\377\000A\000b\000s\000t\000r\000a\000c\000t}{}% 1
\BOOKMARK [1][-]{Doc-Start}{\376\377\000O\000v\000e\000r\000v\000i\000e\000w}{}% 2
\BOOKMARK [0][-]{chapter.2}{\376\377\000P\000a\000r\000t\000\040\0001\000:\000\040\000C\000o\000m\000p\000a\000r\000a\000t\000i\000v\000e\000\040\000S\000t\000u\000d\000y\000\040\000o\000f\000\040\000D\000e\000e\000p\000\040\000R\000L\000\040\000A\000l\000g\000o\000r\000i\000t\000h\000m\000s}{}% 3
\BOOKMARK [1][-]{section.3}{\376\377\0001\000.\000\040\000P\000r\000o\000b\000l\000e\000m\000\040\000S\000e\000l\000e\000c\000t\000i\000o\000n}{chapter.2}% 4
\BOOKMARK [2][-]{subsection.4}{\376\377\000R\000a\000t\000i\000o\000n\000a\000l\000e\000\040\000a\000n\000d\000\040\000N\000o\000n\000-\000t\000r\000i\000v\000i\000a\000l\000i\000t\000y}{section.3}% 5
\BOOKMARK [1][-]{section.5}{\376\377\0002\000.\000\040\000A\000l\000g\000o\000r\000i\000t\000h\000m\000s\000\040\000S\000t\000u\000d\000i\000e\000d}{chapter.2}% 6
\BOOKMARK [2][-]{subsection.6}{\376\377\000P\000r\000o\000x\000i\000m\000a\000l\000\040\000P\000o\000l\000i\000c\000y\000\040\000O\000p\000t\000i\000m\000i\000z\000a\000t\000i\000o\000n\000\040\000\050\000P\000P\000O\000\051}{section.5}% 7
\BOOKMARK [2][-]{subsection.7}{\376\377\000A\000d\000v\000a\000n\000t\000a\000g\000e\000\040\000A\000c\000t\000o\000r\040\023\000C\000r\000i\000t\000i\000c\000\040\000\050\000A\0002\000C\000\051}{section.5}% 8
\BOOKMARK [2][-]{subsection.8}{\376\377\000S\000o\000f\000t\000\040\000A\000c\000t\000o\000r\040\023\000C\000r\000i\000t\000i\000c\000\040\000\050\000S\000A\000C\000\051}{section.5}% 9
\BOOKMARK [1][-]{section.9}{\376\377\0003\000.\000\040\000F\000o\000r\000m\000a\000l\000\040\000R\000L\000\040\000F\000o\000r\000m\000u\000l\000a\000t\000i\000o\000n}{chapter.2}% 10
\BOOKMARK [2][-]{subsection.10}{\376\377\000S\000t\000a\000t\000e\000\040\000S\000p\000a\000c\000e\000\040\000S}{section.9}% 11
\BOOKMARK [2][-]{subsection.11}{\376\377\000A\000c\000t\000i\000o\000n\000\040\000S\000p\000a\000c\000e\000\040\000A}{section.9}% 12
\BOOKMARK [2][-]{subsection.12}{\376\377\000R\000e\000w\000a\000r\000d\000\040\000F\000u\000n\000c\000t\000i\000o\000n\000\040\000R}{section.9}% 13
\BOOKMARK [2][-]{subsection.13}{\376\377\000D\000i\000s\000c\000o\000u\000n\000t\000\040\000F\000a\000c\000t\000o\000r\000\040\000a\000n\000d\000\040\000T\000e\000r\000m\000i\000n\000a\000t\000i\000o\000n}{section.9}% 14
\BOOKMARK [1][-]{section.14}{\376\377\0004\000.\000\040\000E\000x\000p\000e\000r\000i\000m\000e\000n\000t\000a\000l\000\040\000S\000e\000t\000u\000p}{chapter.2}% 15
\BOOKMARK [2][-]{subsection.15}{\376\377\000I\000m\000p\000l\000e\000m\000e\000n\000t\000a\000t\000i\000o\000n\000\040\000a\000n\000d\000\040\000C\000o\000m\000p\000u\000t\000e}{section.14}% 16
\BOOKMARK [2][-]{subsection.16}{\376\377\000N\000e\000u\000r\000a\000l\000\040\000P\000a\000r\000a\000m\000e\000t\000e\000r\000i\000z\000a\000t\000i\000o\000n\000\040\000a\000n\000d\000\040\000H\000y\000p\000e\000r\000p\000a\000r\000a\000m\000e\000t\000e\000r\000s}{section.14}% 17
\BOOKMARK [1][-]{section.19}{\376\377\0005\000.\000\040\000R\000e\000s\000u\000l\000t\000s\000\040\000a\000n\000d\000\040\000A\000n\000a\000l\000y\000s\000i\000s\000\040\000\050\000P\000a\000r\000t\000\040\0001\000\051}{chapter.2}% 18
\BOOKMARK [2][-]{subsection.22}{\376\377\000Q\000u\000a\000n\000t\000i\000t\000a\000t\000i\000v\000e\000\040\000S\000u\000m\000m\000a\000r\000y}{section.19}% 19
\BOOKMARK [2][-]{subsection.23}{\376\377\000S\000a\000m\000p\000l\000e\000\040\000E\000f\000f\000i\000c\000i\000e\000n\000c\000y\000\040\000P\000r\000o\000x\000y}{section.19}% 20
\BOOKMARK [2][-]{subsection.24}{\376\377\000M\000e\000c\000h\000a\000n\000i\000s\000t\000i\000c\000\040\000I\000n\000t\000e\000r\000p\000r\000e\000t\000a\000t\000i\000o\000n}{section.19}% 21
\BOOKMARK [2][-]{subsection.25}{\376\377\000S\000a\000m\000p\000l\000e\000\040\000E\000f\000f\000i\000c\000i\000e\000n\000c\000y\000\040\000a\000n\000d\000\040\000S\000t\000a\000b\000i\000l\000i\000t\000y}{section.19}% 22
\BOOKMARK [1][-]{section.26}{\376\377\0006\000.\000\040\000C\000r\000i\000t\000i\000c\000a\000l\000\040\000D\000i\000s\000c\000u\000s\000s\000i\000o\000n}{chapter.2}% 23
\BOOKMARK [0][-]{chapter.27}{\376\377\000P\000a\000r\000t\000\040\0002\000:\000\040\000C\000u\000s\000t\000o\000m\000\040\000E\000n\000v\000i\000r\000o\000n\000m\000e\000n\000t\000\040\000D\000e\000s\000i\000g\000n\000\040\000\046\000\040\000T\000r\000a\000i\000n\000i\000n\000g}{}% 24
\BOOKMARK [1][-]{section.28}{\376\377\0007\000.\000\040\000E\000n\000v\000i\000r\000o\000n\000m\000e\000n\000t\000\040\000D\000e\000s\000i\000g\000n}{chapter.27}% 25
\BOOKMARK [2][-]{subsection.29}{\376\377\000T\000a\000s\000k\000\040\000N\000a\000r\000r\000a\000t\000i\000v\000e\000\040\000a\000n\000d\000\040\000D\000e\000c\000i\000s\000i\000o\000n\000-\000C\000r\000i\000t\000i\000c\000a\000l\000\040\000D\000y\000n\000a\000m\000i\000c\000s}{section.28}% 26
\BOOKMARK [2][-]{subsection.30}{\376\377\000W\000h\000y\000\040\000N\000e\000u\000r\000o\000S\000h\000o\000t\000-\000v\0001\000\040\000i\000s\000\040\000a\000n\000\040\000I\000n\000t\000e\000r\000e\000s\000t\000i\000n\000g\000\040\000R\000L\000\040\000P\000r\000o\000b\000l\000e\000m}{section.28}% 27
\BOOKMARK [1][-]{section.31}{\376\377\0008\000.\000\040\000M\000D\000P\000\040\000S\000p\000e\000c\000i\000f\000i\000c\000a\000t\000i\000o\000n\000\040\000\050\000C\000u\000s\000t\000o\000m\000\051}{chapter.27}% 28
\BOOKMARK [2][-]{subsection.32}{\376\377\000S\000t\000a\000t\000e\000\040\000S\000p\000a\000c\000e\000\040\000S}{section.31}% 29
\BOOKMARK [2][-]{subsection.33}{\376\377\000A\000c\000t\000i\000o\000n\000\040\000S\000p\000a\000c\000e\000\040\000A}{section.31}% 30
\BOOKMARK [2][-]{subsection.34}{\376\377\000T\000r\000a\000n\000s\000i\000t\000i\000o\000n\000\040\000D\000y\000n\000a\000m\000i\000c\000s\000\040\000T}{section.31}% 31
\BOOKMARK [2][-]{subsection.35}{\376\377\000R\000e\000w\000a\000r\000d\000\040\000D\000e\000s\000i\000g\000n\000\040\000R}{section.31}% 32
\BOOKMARK [2][-]{subsection.36}{\376\377\000S\000h\000a\000p\000i\000n\000g\000\040\000T\000r\000a\000d\000e\000-\000o\000f\000f\000s}{section.31}% 33
\BOOKMARK [1][-]{section.37}{\376\377\0009\000.\000\040\000A\000l\000g\000o\000r\000i\000t\000h\000m\000\040\000S\000e\000l\000e\000c\000t\000i\000o\000n}{chapter.27}% 34
\BOOKMARK [2][-]{subsection.38}{\376\377\000J\000u\000s\000t\000i\000f\000i\000c\000a\000t\000i\000o\000n\000\040\000f\000o\000r\000\040\000P\000P\000O\000\040\000o\000n\000\040\000N\000e\000u\000r\000o\000S\000h\000o\000t\000-\000v\0001}{section.37}% 35
\BOOKMARK [1][-]{section.41}{\376\377\0001\0000\000.\000\040\000R\000e\000s\000u\000l\000t\000s\000\040\000a\000n\000d\000\040\000E\000v\000a\000l\000u\000a\000t\000i\000o\000n\000\040\000\050\000P\000a\000r\000t\000\040\0002\000\051}{chapter.27}% 36
\BOOKMARK [2][-]{subsection.42}{\376\377\000T\000r\000a\000i\000n\000i\000n\000g\000\040\000S\000e\000t\000u\000p\000\040\000a\000n\000d\000\040\000R\000e\000p\000r\000o\000d\000u\000c\000i\000b\000i\000l\000i\000t\000y}{section.41}% 37
\BOOKMARK [2][-]{subsection.43}{\376\377\000L\000e\000a\000r\000n\000i\000n\000g\000\040\000C\000u\000r\000v\000e\000s\000\040\000a\000n\000d\000\040\000S\000t\000a\000b\000i\000l\000i\000t\000y}{section.41}% 38
\BOOKMARK [2][-]{subsection.46}{\376\377\000A\000g\000g\000r\000e\000g\000a\000t\000e\000d\000\040\000M\000e\000t\000r\000i\000c\000s\000\040\000A\000c\000r\000o\000s\000s\000\040\000R\000u\000n\000s}{section.41}% 39
\BOOKMARK [2][-]{subsection.49}{\376\377\000Q\000u\000a\000l\000i\000t\000a\000t\000i\000v\000e\000\040\000P\000o\000l\000i\000c\000y\000\040\000B\000e\000h\000a\000v\000i\000o\000r}{section.41}% 40
\BOOKMARK [2][-]{subsection.50}{\376\377\000G\000e\000n\000e\000r\000a\000l\000i\000z\000a\000t\000i\000o\000n\000\040\000D\000i\000a\000g\000n\000o\000s\000t\000i\000c\000:\000\040\000A\000c\000c\000u\000r\000a\000c\000y\000\040\000H\000e\000a\000t\000m\000a\000p}{section.41}% 41
\BOOKMARK [2][-]{subsection.53}{\376\377\000F\000a\000i\000l\000u\000r\000e\000\040\000A\000n\000a\000l\000y\000s\000i\000s}{section.41}% 42
\BOOKMARK [2][-]{subsection.54}{\376\377\000F\000i\000n\000a\000l\000\040\000P\000o\000l\000i\000c\000y\000\040\000E\000v\000a\000l\000u\000a\000t\000i\000o\000n}{section.41}% 43
\BOOKMARK [1][-]{section.55}{\376\377\000A\000d\000d\000i\000t\000i\000o\000n\000a\000l\000\040\000P\000l\000o\000t\000s\000\040\000a\000n\000d\000\040\000D\000i\000a\000g\000n\000o\000s\000t\000i\000c\000s}{chapter.27}% 44
\BOOKMARK [2][-]{subsection.56}{\376\377\000N\000e\000u\000r\000o\000S\000h\000o\000t\000-\000v\0001\000\040\000E\000v\000a\000l\000u\000a\000t\000i\000o\000n\000\040\000S\000u\000m\000m\000a\000r\000y}{section.55}% 45
\BOOKMARK [2][-]{subsection.59}{\376\377\000B\000e\000n\000c\000h\000m\000a\000r\000k\000\040\000R\000e\000p\000r\000o\000d\000u\000c\000i\000b\000i\000l\000i\000t\000y\000\040\000A\000r\000t\000i\000f\000a\000c\000t}{section.55}% 46
\BOOKMARK [2][-]{subsection.60}{\376\377\000K\000e\000y\000\040\000A\000l\000g\000o\000r\000i\000t\000h\000m\000i\000c\000\040\000U\000p\000d\000a\000t\000e\000\040\000S\000t\000r\000u\000c\000t\000u\000r\000e\000\040\000\050\000E\000q\000u\000a\000t\000i\000o\000n\000-\000L\000e\000v\000e\000l\000\051}{section.55}% 47
\BOOKMARK [2][-]{subsection.61}{\376\377\000S\000u\000b\000m\000i\000s\000s\000i\000o\000n\000\040\000N\000o\000t\000e\000s}{section.55}% 48
\BOOKMARK [1][-]{section.62}{\376\377\000C\000o\000n\000c\000l\000u\000s\000i\000o\000n}{chapter.27}% 49
\BOOKMARK [2][-]{subsection.63}{\376\377\000L\000i\000m\000i\000t\000a\000t\000i\000o\000n\000s}{section.62}% 50
\BOOKMARK [2][-]{subsection.64}{\376\377\000F\000u\000t\000u\000r\000e\000\040\000E\000x\000t\000e\000n\000s\000i\000o\000n\000s}{section.62}% 51
\BOOKMARK [1][-]{section.65}{\376\377\000R\000e\000f\000e\000r\000e\000n\000c\000e\000s}{chapter.27}% 52
\BOOKMARK [1][-]{section.65}{\376\377\000R\000e\000f\000e\000r\000e\000n\000c\000e\000s}{chapter.27}% 53
